// Code generated by envgen. DO NOT EDIT.
// This file was automatically generated and should not be modified manually.

//go:generate go run github.com/safeblock-dev/envgen/cmd/envgen -c basic.yaml -o basic.generated -t ../../templates/go-env

package config

// AppConfig represents Basic application settings
type AppConfig struct {
	Debug bool `env:"DEBUG" envDefault:"false"` // Enable debug mode
	Port int `env:"PORT,required"` // Server port
	Host string `env:"HOST" envDefault:"localhost"` // Server host
}

// DatabaseConfig represents Database connection settings
type DatabaseConfig struct {
	Url string `env:"DB_URL,required"` // Database connection URL
	LogLevel  `env:"DB_LOG_LEVEL" envDefault:"info"` // Database logging level (Possible values: debug, info, warn, error)
}