// Code generated by envgen. DO NOT EDIT.
// This file was automatically generated and should not be modified manually.

//go:generate go run github.com/safeblock-dev/envgen/cmd/envgen -c types.yaml -o types.generated -t ../../templates/go-env

package types
import (
	"net/url"
	"time"
	"net"
)

// AppConfig represents Application settings
type AppConfig struct {
	Env Environment `env:"ENV,required"` // Application environment (Possible values: development, staging, production)
	ApiUrl *url.URL `env:"API_URL,required"` // API endpoint URL
	Timeout time.Duration `env:"TIMEOUT" envDefault:"30s"` // API request timeout
	AllowedIps []net.IP `env:"ALLOWED_IPS"` // List of allowed IP addresses
}