# Generated by envgen. DO NOT EDIT.
# This file was automatically generated and should not be modified manually.

# --------------------------------
# App
# Basic application settings
# --------------------------------

# Enable debug mode
DEBUG=false

# Server port (required)
PORT=8080

# Server host
HOST=localhost

# --------------------------------
# Database
# Database connection settings
# --------------------------------

# Database connection URL (required)
DB_URL=postgres://user:pass@localhost:5432/db

# Database logging level [debug, info, warn, error]
DB_LOG_LEVEL=info