# Generated by envgen. DO NOT EDIT.
# This file was automatically generated and should not be modified manually.

# --------------------------------
# App
# Application settings
# --------------------------------

# Application environment [development, staging, production] (required)
ENV=development

# API endpoint URL (required)
API_URL=https://api.example.com

# API request timeout
TIMEOUT=30s

# List of allowed IP addresses
ALLOWED_IPS=127.0.0.1,192.168.1.1